Command line invocation:
    /Applications/Xcode.app/Contents/Developer/usr/bin/xcodebuild build -scheme BZGram -project BZGram.xcodeproj -configuration Release -destination generic/platform=iOS CODE_SIGNING_ALLOWED=NO CODE_SIGNING_REQUIRED=NO CODE_SIGN_IDENTITY= CODE_SIGN_ENTITLEMENTS= -derivedDataPath ./DerivedData

Build settings from command line:
    CODE_SIGN_ENTITLEMENTS = 
    CODE_SIGN_IDENTITY = 
    CODE_SIGNING_ALLOWED = NO
    CODE_SIGNING_REQUIRED = NO

Resolve Package Graph


Resolved source packages:
  TDLibKit: https://github.com/Swiftgram/TDLibKit @ 1.5.2-tdlib-1.8.63-8ff05a0e
  TDLibFramework: https://github.com/Swiftgram/TDLibFramework @ 1.8.63-8ff05a0e

note: Using codesigning identity override: 
ComputePackagePrebuildTargetDependencyGraph

Prepare packages

CreateBuildRequest

SendProjectDescription

CreateBuildOperation

ComputeTargetDependencyGraph
note: Building targets in dependency order
note: Target dependency graph (6 targets)
    Target 'BZGram' in project 'BZGram'
        ➜ Explicit dependency on target 'BZGramCore' in project 'BZGram'
    Target 'BZGramCore' in project 'BZGram'
        ➜ Explicit dependency on target 'TDLibKit' in project 'TDLibKit'
    Target 'TDLibKit' in project 'TDLibKit'
        ➜ Explicit dependency on target 'TDLibKit' in project 'TDLibKit'
        ➜ Explicit dependency on target 'TDLibFramework' in project 'TDLibFramework'
    Target 'TDLibKit' in project 'TDLibKit'
        ➜ Explicit dependency on target 'TDLibFramework' in project 'TDLibFramework'
    Target 'TDLibFramework' in project 'TDLibFramework'
        ➜ Explicit dependency on target 'TDLibFrameworkWrapper' in project 'TDLibFramework'
    Target 'TDLibFrameworkWrapper' in project 'TDLibFramework' (no dependencies)

GatherProvisioningInputs

CreateBuildDescription

ExecuteExternalTool /Applications/Xcode.app/Contents/Developer/Toolchains/XcodeDefault.xctoolchain/usr/bin/swiftc --version

ExecuteExternalTool /Applications/Xcode.app/Contents/Developer/Toolchains/XcodeDefault.xctoolchain/usr/bin/clang -v -E -dM -arch arm64 -isysroot /Applications/Xcode.app/Contents/Developer/Platforms/iPhoneOS.platform/Developer/SDKs/iPhoneOS26.4.sdk -x c -c /dev/null

ExecuteExternalTool /Applications/Xcode.app/Contents/Developer/Toolchains/XcodeDefault.xctoolchain/usr/bin/clang -v -E -dM -isysroot /Applications/Xcode.app/Contents/Developer/Platforms/iPhoneOS.platform/Developer/SDKs/iPhoneOS26.4.sdk -x c -c /dev/null

ExecuteExternalTool /Applications/Xcode.app/Contents/Developer/Toolchains/XcodeDefault.xctoolchain/usr/bin/ld -version_details

Build description signature: e13623cb16c389945f0751bc06d403f8
Build description path: /Users/x/code/bzgram/DerivedData/Build/Intermediates.noindex/XCBuildData/e13623cb16c389945f0751bc06d403f8.xcbuilddata
ClangStatCache /Applications/Xcode.app/Contents/Developer/Toolchains/XcodeDefault.xctoolchain/usr/bin/clang-stat-cache /Applications/Xcode.app/Contents/Developer/Platforms/iPhoneOS.platform/Developer/SDKs/iPhoneOS26.4.sdk /Users/x/code/bzgram/DerivedData/SDKStatCaches.noindex/iphoneos26.4-23E252-68a138bb55de9ba35ce6c8c40d12849e.sdkstatcache
    cd /Users/x/code/bzgram/BZGram.xcodeproj
    /Applications/Xcode.app/Contents/Developer/Toolchains/XcodeDefault.xctoolchain/usr/bin/clang-stat-cache /Applications/Xcode.app/Contents/Developer/Platforms/iPhoneOS.platform/Developer/SDKs/iPhoneOS26.4.sdk -o /Users/x/code/bzgram/DerivedData/SDKStatCaches.noindex/iphoneos26.4-23E252-68a138bb55de9ba35ce6c8c40d12849e.sdkstatcache

ProcessInfoPlistFile /Users/x/code/bzgram/DerivedData/Build/Products/Release-iphoneos/BZGramCore.framework/Info.plist /Users/x/code/bzgram/DerivedData/Build/Intermediates.noindex/BZGram.build/Release-iphoneos/BZGramCore.build/empty-BZGramCore.plist (in target 'BZGramCore' from project 'BZGram')
    cd /Users/x/code/bzgram
    builtin-infoPlistUtility /Users/x/code/bzgram/DerivedData/Build/Intermediates.noindex/BZGram.build/Release-iphoneos/BZGramCore.build/empty-BZGramCore.plist -producttype com.apple.product-type.framework -expandbuildsettings -format binary -platform iphoneos -requiredArchitecture arm64 -o /Users/x/code/bzgram/DerivedData/Build/Products/Release-iphoneos/BZGramCore.framework/Info.plist

Ld /Users/x/code/bzgram/DerivedData/Build/Products/Release-iphoneos/BZGramCore.framework/BZGramCore normal (in target 'BZGramCore' from project 'BZGram')
    cd /Users/x/code/bzgram
    /Applications/Xcode.app/Contents/Developer/Toolchains/XcodeDefault.xctoolchain/usr/bin/clang -Xlinker -reproducible -target arm64-apple-ios17.0 -dynamiclib -isysroot /Applications/Xcode.app/Contents/Developer/Platforms/iPhoneOS.platform/Developer/SDKs/iPhoneOS26.4.sdk -Os -L/Users/x/code/bzgram/DerivedData/Build/Intermediates.noindex/EagerLinkingTBDs/Release-iphoneos -L/Users/x/code/bzgram/DerivedData/Build/Products/Release-iphoneos -F/Users/x/code/bzgram/DerivedData/Build/Intermediates.noindex/EagerLinkingTBDs/Release-iphoneos -F/Users/x/code/bzgram/DerivedData/Build/Products/Release-iphoneos/PackageFrameworks -F/Users/x/code/bzgram/DerivedData/Build/Products/Release-iphoneos/PackageFrameworks -F/Users/x/code/bzgram/DerivedData/Build/Products/Release-iphoneos -filelist /Users/x/code/bzgram/DerivedData/Build/Intermediates.noindex/BZGram.build/Release-iphoneos/BZGramCore.build/Objects-normal/arm64/BZGramCore.LinkFileList -install_name @rpath/BZGramCore.framework/BZGramCore -Xlinker -rpath -Xlinker /usr/lib/swift -Xlinker -rpath -Xlinker @executable_path/Frameworks -Xlinker -dead_strip -Xlinker -object_path_lto -Xlinker /Users/x/code/bzgram/DerivedData/Build/Intermediates.noindex/BZGram.build/Release-iphoneos/BZGramCore.build/Objects-normal/arm64/BZGramCore_lto.o -Xlinker -debug_variant -Xlinker -dependency_info -Xlinker /Users/x/code/bzgram/DerivedData/Build/Intermediates.noindex/BZGram.build/Release-iphoneos/BZGramCore.build/Objects-normal/arm64/BZGramCore_dependency_info.dat -fprofile-instr-generate -fobjc-link-runtime -L/Applications/Xcode.app/Contents/Developer/Toolchains/XcodeDefault.xctoolchain/usr/lib/swift/iphoneos -L/usr/lib/swift -Xlinker -add_ast_path -Xlinker /Users/x/code/bzgram/DerivedData/Build/Intermediates.noindex/BZGram.build/Release-iphoneos/BZGramCore.build/Objects-normal/arm64/BZGramCore.swiftmodule @/Users/x/code/bzgram/DerivedData/Build/Intermediates.noindex/BZGram.build/Release-iphoneos/BZGramCore.build/Objects-normal/arm64/BZGramCore-linker-args.resp -Wl,-no_warn_duplicate_libraries -Wl,-no_warn_duplicate_libraries -lc++ -lz -framework TDLibFramework -compatibility_version 1 -current_version 1 -o /Users/x/code/bzgram/DerivedData/Build/Products/Release-iphoneos/BZGramCore.framework/BZGramCore -Xlinker -add_ast_path -Xlinker /Users/x/code/bzgram/DerivedData/Build/Intermediates.noindex/TDLibKit.build/Release-iphoneos/TDLibKit.build/Objects-normal/arm64/TDLibKit.swiftmodule @/Users/x/code/bzgram/DerivedData/Build/Intermediates.noindex/TDLibKit.build/Release-iphoneos/TDLibKit.build/Objects-normal/arm64/TDLibKit-linker-args.resp -Xlinker -add_ast_path -Xlinker /Users/x/code/bzgram/DerivedData/Build/Intermediates.noindex/TDLibFramework.build/Release-iphoneos/TDLibFrameworkWrapper.build/Objects-normal/arm64/TDLibFrameworkWrapper.swiftmodule @/Users/x/code/bzgram/DerivedData/Build/Intermediates.noindex/TDLibFramework.build/Release-iphoneos/TDLibFrameworkWrapper.build/Objects-normal/arm64/TDLibFrameworkWrapper-linker-args.resp

SwiftDriver BZGram normal arm64 com.apple.xcode.tools.swift.compiler (in target 'BZGram' from project 'BZGram')
    cd /Users/x/code/bzgram
    builtin-SwiftDriver -- /Applications/Xcode.app/Contents/Developer/Toolchains/XcodeDefault.xctoolchain/usr/bin/swiftc -module-name BZGram -O -whole-module-optimization @/Users/x/code/bzgram/DerivedData/Build/Intermediates.noindex/BZGram.build/Release-iphoneos/BZGram.build/Objects-normal/arm64/BZGram.SwiftFileList -enable-bare-slash-regex -enable-experimental-feature DebugDescriptionMacro -sdk /Applications/Xcode.app/Contents/Developer/Platforms/iPhoneOS.platform/Developer/SDKs/iPhoneOS26.4.sdk -target arm64-apple-ios17.0 -g -module-cache-path /Users/x/code/bzgram/DerivedData/ModuleCache.noindex -Xfrontend -serialize-debugging-options -profile-coverage-mapping -profile-generate -swift-version 5 -I /Users/x/code/bzgram/DerivedData/Build/Products/Release-iphoneos -F /Users/x/code/bzgram/DerivedData/Build/Products/Release-iphoneos/PackageFrameworks -F /Users/x/code/bzgram/DerivedData/Build/Products/Release-iphoneos/PackageFrameworks -F /Users/x/code/bzgram/DerivedData/Build/Products/Release-iphoneos -c -num-threads 10 -Xcc -ivfsstatcache -Xcc /Users/x/code/bzgram/DerivedData/SDKStatCaches.noindex/iphoneos26.4-23E252-68a138bb55de9ba35ce6c8c40d12849e.sdkstatcache -output-file-map /Users/x/code/bzgram/DerivedData/Build/Intermediates.noindex/BZGram.build/Release-iphoneos/BZGram.build/Objects-normal/arm64/BZGram-OutputFileMap.json -use-frontend-parseable-output -save-temps -no-color-diagnostics -explicit-module-build -module-cache-path /Users/x/code/bzgram/DerivedData/Build/Intermediates.noindex/SwiftExplicitPrecompiledModules -clang-scanner-module-cache-path /Users/x/code/bzgram/DerivedData/ModuleCache.noindex -sdk-module-cache-path /Users/x/code/bzgram/DerivedData/ModuleCache.noindex -serialize-diagnostics -emit-dependencies -emit-module -emit-module-path /Users/x/code/bzgram/DerivedData/Build/Intermediates.noindex/BZGram.build/Release-iphoneos/BZGram.build/Objects-normal/arm64/BZGram.swiftmodule -validate-clang-modules-once -clang-build-session-file /Users/x/code/bzgram/DerivedData/ModuleCache.noindex/Session.modulevalidation -Xcc -I/Users/x/code/bzgram/DerivedData/Build/Intermediates.noindex/BZGram.build/Release-iphoneos/BZGram.build/swift-overrides.hmap -emit-const-values -Xfrontend -const-gather-protocols-file -Xfrontend /Users/x/code/bzgram/DerivedData/Build/Intermediates.noindex/BZGram.build/Release-iphoneos/BZGram.build/Objects-normal/arm64/BZGram_const_extract_protocols.json -Xcc -iquote -Xcc /Users/x/code/bzgram/DerivedData/Build/Intermediates.noindex/BZGram.build/Release-iphoneos/BZGram.build/BZGram-generated-files.hmap -Xcc -I/Users/x/code/bzgram/DerivedData/Build/Intermediates.noindex/BZGram.build/Release-iphoneos/BZGram.build/BZGram-own-target-headers.hmap -Xcc -I/Users/x/code/bzgram/DerivedData/Build/Intermediates.noindex/BZGram.build/Release-iphoneos/BZGram.build/BZGram-all-non-framework-target-headers.hmap -Xcc -ivfsoverlay -Xcc /Users/x/code/bzgram/DerivedData/Build/Intermediates.noindex/BZGram.build/Release-iphoneos/BZGram-7715fc49271323691570fb7d6b729605-VFS-iphoneos/all-product-headers.yaml -Xcc -iquote -Xcc /Users/x/code/bzgram/DerivedData/Build/Intermediates.noindex/BZGram.build/Release-iphoneos/BZGram.build/BZGram-project-headers.hmap -Xcc -I/Users/x/code/bzgram/DerivedData/Build/Products/Release-iphoneos/include -Xcc -I/Users/x/code/bzgram/DerivedData/Build/Intermediates.noindex/BZGram.build/Release-iphoneos/BZGram.build/DerivedSources-normal/arm64 -Xcc -I/Users/x/code/bzgram/DerivedData/Build/Intermediates.noindex/BZGram.build/Release-iphoneos/BZGram.build/DerivedSources/arm64 -Xcc -I/Users/x/code/bzgram/DerivedData/Build/Intermediates.noindex/BZGram.build/Release-iphoneos/BZGram.build/DerivedSources -emit-objc-header -emit-objc-header-path /Users/x/code/bzgram/DerivedData/Build/Intermediates.noindex/BZGram.build/Release-iphoneos/BZGram.build/Objects-normal/arm64/BZGram-Swift.h -working-directory /Users/x/code/bzgram -no-emit-module-separately-wmo

SwiftCompile normal arm64 Compiling\ AccountListView.swift,\ AddAccountView.swift,\ AppLockView.swift,\ AuthenticationView.swift,\ BZGramApp.swift,\ ChatListView.swift,\ ChatView.swift,\ ContactListView.swift,\ ConversationTranslationSettingsView.swift,\ GlobalSettingsView.swift,\ MainTabView.swift,\ RootView.swift /Users/x/code/bzgram/BZGram/Sources/Views/Accounts/AccountListView.swift /Users/x/code/bzgram/BZGram/Sources/Views/Accounts/AddAccountView.swift /Users/x/code/bzgram/BZGram/Sources/Views/Auth/AppLockView.swift /Users/x/code/bzgram/BZGram/Sources/Views/Auth/AuthenticationView.swift /Users/x/code/bzgram/BZGram/Sources/App/BZGramApp.swift /Users/x/code/bzgram/BZGram/Sources/Views/Chats/ChatListView.swift /Users/x/code/bzgram/BZGram/Sources/Views/Chats/ChatView.swift /Users/x/code/bzgram/BZGram/Sources/Views/Contacts/ContactListView.swift /Users/x/code/bzgram/BZGram/Sources/Views/Settings/ConversationTranslationSettingsView.swift /Users/x/code/bzgram/BZGram/Sources/Views/Settings/GlobalSettingsView.swift /Users/x/code/bzgram/BZGram/Sources/Views/MainTabView.swift /Users/x/code/bzgram/BZGram/Sources/Views/RootView.swift /Applications/Xcode.app/Contents/Developer/Toolchains/XcodeDefault.xctoolchain/usr/lib/swift/iphoneos/prebuilt-modules/26.4/CoreMIDI.swiftmodule/arm64e-apple-ios.swiftmodule /Applications/Xcode.app/Contents/Developer/Toolchains/XcodeDefault.xctoolchain/usr/lib/swift/iphoneos/prebuilt-modules/26.4/UIKit.swiftmodule/arm64e-apple-ios.swiftmodule /Applications/Xcode.app/Contents/Developer/Toolchains/XcodeDefault.xctoolchain/usr/lib/swift/iphoneos/prebuilt-modules/26.4/UniformTypeIdentifiers.swiftmodule/arm64e-apple-ios.swiftmodule /Applications/Xcode.app/Contents/Developer/Toolchains/XcodeDefault.xctoolchain/usr/lib/swift/iphoneos/prebuilt-modules/26.4/Metal.swiftmodule/arm64e-apple-ios.swiftmodule /Applications/Xcode.app/Contents/Developer/Toolchains/XcodeDefault.xctoolchain/usr/lib/swift/iphoneos/prebuilt-modules/26.4/ExtensionFoundation.swiftmodule/arm64e-apple-ios.swiftmodule /Applications/Xcode.app/Contents/Developer/Toolchains/XcodeDefault.xctoolchain/usr/lib/swift/iphoneos/prebuilt-modules/26.4/_DarwinFoundation3.swiftmodule/arm64e-apple-ios.swiftmodule /Applications/Xcode.app/Contents/Developer/Toolchains/XcodeDefault.xctoolchain/usr/lib/swift/iphoneos/prebuilt-modules/26.4/LightweightCodeRequirements.swiftmodule/arm64e-apple-ios.swiftmodule /Applications/Xcode.app/Contents/Developer/Toolchains/XcodeDefault.xctoolchain/usr/lib/swift/iphoneos/prebuilt-modules/26.4/_Builtin_float.swiftmodule/arm64e-apple-ios.swiftmodule /Applications/Xcode.app/Contents/Developer/Toolchains/XcodeDefault.xctoolchain/usr/lib/swift/iphoneos/prebuilt-modules/26.4/SwiftUICore.swiftmodule/arm64e-apple-ios.swiftmodule /Applications/Xcode.app/Contents/Developer/Toolchains/XcodeDefault.xctoolchain/usr/lib/swift/iphoneos/prebuilt-modules/26.4/Network.swiftmodule/arm64e-apple-ios.swiftmodule /Applications/Xcode.app/Contents/Developer/Toolchains/XcodeDefault.xctoolchain/usr/lib/swift/iphoneos/prebuilt-modules/26.4/CoreFoundation.swiftmodule/arm64e-apple-ios.swiftmodule /Applications/Xcode.app/Contents/Developer/Toolchains/XcodeDefault.xctoolchain/usr/lib/swift/iphoneos/prebuilt-modules/26.4/_DarwinFoundation1.swiftmodule/arm64e-apple-ios.swiftmodule /Applications/Xcode.app/Contents/Developer/Toolchains/XcodeDefault.xctoolchain/usr/lib/swift/iphoneos/prebuilt-modules/26.4/PhotosUI.swiftmodule/arm64e-apple-ios.swiftmodule /Applications/Xcode.app/Contents/Developer/Toolchains/XcodeDefault.xctoolchain/usr/lib/swift/iphoneos/prebuilt-modules/26.4/Distributed.swiftmodule/arm64e-apple-ios.swiftmodule /Applications/Xcode.app/Contents/Developer/Toolchains/XcodeDefault.xctoolchain/usr/lib/swift/iphoneos/prebuilt-modules/26.4/CoreData.swiftmodule/arm64e-apple-ios.swiftmodule /Applications/Xcode.app/Contents/Developer/Toolchains/XcodeDefault.xctoolchain/usr/lib/swift/iphoneos/prebuilt-modules/26.4/AudioToolbox.swiftmodule/arm64e-apple-ios.swiftmodule /Applications/Xcode.app/Contents/Developer/Toolchains/XcodeDefault.xctoolchain/usr/lib/swift/iphoneos/prebuilt-modules/26.4/CoreLocation.swiftmodule/arm64e-apple-ios.swiftmodule /Applications/Xcode.app/Contents/Developer/Toolchains/XcodeDefault.xctoolchain/usr/lib/swift/iphoneos/prebuilt-modules/26.4/FileProvider.swiftmodule/arm64e-apple-ios.swiftmodule /Users/x/code/bzgram/DerivedData/Build/Products/Release-iphoneos/TDLibKit.swiftmodule/arm64-apple-ios.swiftmodule /Applications/Xcode.app/Contents/Developer/Toolchains/XcodeDefault.xctoolchain/usr/lib/swift/iphoneos/prebuilt-modules/26.4/CoreTransferable.swiftmodule/arm64e-apple-ios.swiftmodule /Applications/Xcode.app/Contents/Developer/Toolchains/XcodeDefault.xctoolchain/usr/lib/swift/iphoneos/prebuilt-modules/26.4/_DarwinFoundation2.swiftmodule/arm64e-apple-ios.swiftmodule /Applications/Xcode.app/Contents/Developer/Toolchains/XcodeDefault.xctoolchain/usr/lib/swift/iphoneos/prebuilt-modules/26.4/QuartzCore.swiftmodule/arm64e-apple-ios.swiftmodule /Applications/Xcode.app/Contents/Developer/Toolchains/XcodeDefault.xctoolchain/usr/lib/swift/iphoneos/prebuilt-modules/26.4/Photos.swiftmodule/arm64e-apple-ios.swiftmodule /Applications/Xcode.app/Contents/Developer/Toolchains/XcodeDefault.xctoolchain/usr/lib/swift/iphoneos/prebuilt-modules/26.4/CoreMedia.swiftmodule/arm64e-apple-ios.swiftmodule /Applications/Xcode.app/Contents/Developer/Toolchains/XcodeDefault.xctoolchain/usr/lib/swift/iphoneos/prebuilt-modules/26.4/CoreText.swiftmodule/arm64e-apple-ios.swiftmodule /Applications/Xcode.app/Contents/Developer/Toolchains/XcodeDefault.xctoolchain/usr/lib/swift/iphoneos/prebuilt-modules/26.4/CoreVideo.swiftmodule/arm64e-apple-ios.swiftmodule /Applications/Xcode.app/Contents/Developer/Toolchains/XcodeDefault.xctoolchain/usr/lib/swift/iphoneos/prebuilt-modules/26.4/Symbols.swiftmodule/arm64e-apple-ios.swiftmodule /Applications/Xcode.app/Contents/Developer/Toolchains/XcodeDefault.xctoolchain/usr/lib/swift/iphoneos/prebuilt-modules/26.4/Combine.swiftmodule/arm64e-apple-ios.swiftmodule /Applications/Xcode.app/Contents/Developer/Toolchains/XcodeDefault.xctoolchain/usr/lib/swift/iphoneos/prebuilt-modules/26.4/Foundation.swiftmodule/arm64e-apple-ios.swiftmodule /Applications/Xcode.app/Contents/Developer/Toolchains/XcodeDefault.xctoolchain/usr/lib/swift/iphoneos/prebuilt-modules/26.4/DeveloperToolsSupport.swiftmodule/arm64e-apple-ios.swiftmodule /Applications/Xcode.app/Contents/Developer/Toolchains/XcodeDefault.xctoolchain/usr/lib/swift/iphoneos/prebuilt-modules/26.4/Synchronization.swiftmodule/arm64e-apple-ios.swiftmodule /Applications/Xcode.app/Contents/Developer/Toolchains/XcodeDefault.xctoolchain/usr/lib/swift/iphoneos/prebuilt-modules/26.4/CoreImage.swiftmodule/arm64e-apple-ios.swiftmodule /Applications/Xcode.app/Contents/Developer/Toolchains/XcodeDefault.xctoolchain/usr/lib/swift/iphoneos/prebuilt-modules/26.4/Dispatch.swiftmodule/arm64e-apple-ios.swiftmodule /Applications/Xcode.app/Contents/Developer/Toolchains/XcodeDefault.xctoolchain/usr/lib/swift/iphoneos/prebuilt-modules/26.4/XPC.swiftmodule/arm64e-apple-ios.swiftmodule /Applications/Xcode.app/Contents/Developer/Toolchains/XcodeDefault.xctoolchain/usr/lib/swift/iphoneos/prebuilt-modules/26.4/AVFoundation.swiftmodule/arm64e-apple-ios.swiftmodule /Applications/Xcode.app/Contents/Developer/Toolchains/XcodeDefault.xctoolchain/usr/lib/swift/iphoneos/prebuilt-modules/26.4/CoreAudio.swiftmodule/arm64e-apple-ios.swiftmodule /Applications/Xcode.app/Contents/Developer/Toolchains/XcodeDefault.xctoolchain/usr/lib/swift/iphoneos/prebuilt-modules/26.4/_StringProcessing.swiftmodule/arm64e-apple-ios.swiftmodule /Applications/Xcode.app/Contents/Developer/Toolchains/XcodeDefault.xctoolchain/usr/lib/swift/iphoneos/prebuilt-modules/26.4/OSLog.swiftmodule/arm64e-apple-ios.swiftmodule /Applications/Xcode.app/Contents/Developer/Toolchains/XcodeDefault.xctoolchain/usr/lib/swift/iphoneos/prebuilt-modules/26.4/CoreGraphics.swiftmodule/arm64e-apple-ios.swiftmodule /Users/x/code/bzgram/DerivedData/Build/Products/Release-iphoneos/BZGramCore.framework/Modules/BZGramCore.swiftmodule/arm64-apple-ios.swiftmodule /Applications/Xcode.app/Contents/Developer/Toolchains/XcodeDefault.xctoolchain/usr/lib/swift/iphoneos/prebuilt-modules/26.4/Spatial.swiftmodule/arm64e-apple-ios.swiftmodule /Applications/Xcode.app/Contents/Developer/Toolchains/XcodeDefault.xctoolchain/usr/lib/swift/iphoneos/prebuilt-modules/26.4/Swift.swiftmodule/arm64e-apple-ios.swiftmodule /Applications/Xcode.app/Contents/Developer/Toolchains/XcodeDefault.xctoolchain/usr/lib/swift/iphoneos/prebuilt-modules/26.4/LocalAuthentication.swiftmodule/arm64e-apple-ios.swiftmodule /Applications/Xcode.app/Contents/Developer/Toolchains/XcodeDefault.xctoolchain/usr/lib/swift/iphoneos/prebuilt-modules/26.4/os.swiftmodule/arm64e-apple-ios.swiftmodule /Applications/Xcode.app/Contents/Developer/Toolchains/XcodeDefault.xctoolchain/usr/lib/swift/iphoneos/prebuilt-modules/26.4/_PhotosUI_SwiftUI.swiftmodule/arm64e-apple-ios.swiftmodule /Applications/Xcode.app/Contents/Developer/Toolchains/XcodeDefault.xctoolchain/usr/lib/swift/iphoneos/prebuilt-modules/26.4/Darwin.swiftmodule/arm64e-apple-ios.swiftmodule /Applications/Xcode.app/Contents/Developer/Toolchains/XcodeDefault.xctoolchain/usr/lib/swift/iphoneos/prebuilt-modules/26.4/simd.swiftmodule/arm64e-apple-ios.swiftmodule /Applications/Xcode.app/Contents/Developer/Toolchains/XcodeDefault.xctoolchain/usr/lib/swift/iphoneos/prebuilt-modules/26.4/ObjectiveC.swiftmodule/arm64e-apple-ios.swiftmodule /Applications/Xcode.app/Contents/Developer/Toolchains/XcodeDefault.xctoolchain/usr/lib/swift/iphoneos/prebuilt-modules/26.4/DataDetection.swiftmodule/arm64e-apple-ios.swiftmodule /Applications/Xcode.app/Contents/Developer/Toolchains/XcodeDefault.xctoolchain/usr/lib/swift/iphoneos/prebuilt-modules/26.4/Observation.swiftmodule/arm64e-apple-ios.swiftmodule /Applications/Xcode.app/Contents/Developer/Toolchains/XcodeDefault.xctoolchain/usr/lib/swift/iphoneos/prebuilt-modules/26.4/Accessibility.swiftmodule/arm64e-apple-ios.swiftmodule /Applications/Xcode.app/Contents/Developer/Toolchains/XcodeDefault.xctoolchain/usr/lib/swift/iphoneos/prebuilt-modules/26.4/_Concurrency.swiftmodule/arm64e-apple-ios.swiftmodule /Applications/Xcode.app/Contents/Developer/Toolchains/XcodeDefault.xctoolchain/usr/lib/swift/iphoneos/prebuilt-modules/26.4/AVFAudio.swiftmodule/arm64e-apple-ios.swiftmodule /Applications/Xcode.app/Contents/Developer/Toolchains/XcodeDefault.xctoolchain/usr/lib/swift/iphoneos/prebuilt-modules/26.4/SwiftUI.swiftmodule/arm64e-apple-ios.swiftmodule /Applications/Xcode.app/Contents/Developer/Toolchains/XcodeDefault.xctoolchain/usr/lib/swift/iphoneos/prebuilt-modules/26.4/System.swiftmodule/arm64e-apple-ios.swiftmodule /Users/x/code/bzgram/DerivedData/ModuleCache.noindex/LocalAuthentication-E3E4IFCALYEDJAN87B0ATRHAW.pcm /Users/x/code/bzgram/DerivedData/ModuleCache.noindex/Dispatch-3LSBOQ4IVMM4BT7PV2Q0X01MF.pcm /Users/x/code/bzgram/DerivedData/ModuleCache.noindex/Symbols-9RJ5VBQNEX6YV9YCR240T1EJC.pcm /Users/x/code/bzgram/DerivedData/ModuleCache.noindex/_Builtin_stdatomic-F3WJDGON2IX913P2I7HU1YEGC.pcm /Users/x/code/bzgram/DerivedData/ModuleCache.noindex/Accessibility-6XXYQ4YB3LNNQ90RT1B4T919B.pcm /Users/x/code/bzgram/DerivedData/ModuleCache.noindex/_DarwinFoundation1-57L2TAHT7M0PQZ6PV2KW20HAN.pcm /Users/x/code/bzgram/DerivedData/ModuleCache.noindex/simd-19Q7LIU0W6KQC9DEDC9DO65D1.pcm /Users/x/code/bzgram/DerivedData/ModuleCache.noindex/OSLog-D5SFMKISAVXB1E4LBV5FUU14H.pcm /Users/x/code/bzgram/DerivedData/ModuleCache.noindex/os_object-3KLCMCOA0HVQXD5T0WR7A87WY.pcm /Users/x/code/bzgram/DerivedData/ModuleCache.noindex/os-35DHHQUDU13RN89EY94I7F5HO.pcm /Users/x/code/bzgram/DerivedData/ModuleCache.noindex/FileProvider-F09YE7JZSGV6RQUOQPS3RSJL0.pcm /Users/x/code/bzgram/DerivedData/ModuleCache.noindex/CoreImage-E9C15CL77BYSB6YZTDDMCZQBT.pcm /Users/x/code/bzgram/DerivedData/ModuleCache.noindex/SwiftUI-45VHUH8SAV6E5ZEAUGN0RTNWK.pcm /Users/x/code/bzgram/DerivedData/ModuleCache.noindex/AVFAudio-8B3BWJSSCBAZ68KWFQVLWU3ZJ.pcm /Users/x/code/bzgram/DerivedData/ModuleCache.noindex/CoreMedia-4UH9PZX6PE4KJZJUA419QZXR8.pcm /Users/x/code/bzgram/DerivedData/ModuleCache.noindex/CoreData-3R5YSID3ANM3Q7FPT0B6G6ZML.pcm /Users/x/code/bzgram/DerivedData/ModuleCache.noindex/Foundation-4KL7Z1204B73EK7YQBM59I51W.pcm /Users/x/code/bzgram/DerivedData/ModuleCache.noindex/Spatial-74HL0JN0L38GMQYE9ALV7ED1G.pcm /Users/x/code/bzgram/DerivedData/ModuleCache.noindex/CoreGraphics-4JMDUOGSQKCG1GDDF9TW72AT4.pcm /Users/x/code/bzgram/DerivedData/ModuleCache.noindex/Metal-70TALMIY3IZOYT598582DCRD7.pcm /Users/x/code/bzgram/DerivedData/ModuleCache.noindex/ImageIO-SSXZCMDFYE04MC7I296Q9A0M.pcm /Users/x/code/bzgram/DerivedData/ModuleCache.noindex/Photos-B7I8EK3LXIJYW8TJN7RYD5OZ2.pcm /Users/x/code/bzgram/DerivedData/ModuleCache.noindex/_Builtin_stdbool-75OV3H6E5AGS4122M3HNP2JMH.pcm /Users/x/code/bzgram/DerivedData/ModuleCache.noindex/CoreAudio-430E0OFJO2FPUXXBH7SKRQSID.pcm /Users/x/code/bzgram/DerivedData/ModuleCache.noindex/CFNetwork-2FE7PV2G1FF6RKLEPZJQH1S7W.pcm /Users/x/code/bzgram/DerivedData/ModuleCache.noindex/DataDetection-7WPUN8HYHD2G4DP0NNHPNLNYE.pcm /Users/x/code/bzgram/DerivedData/ModuleCache.noindex/_AvailabilityInternal-5Z9E1ITXMSUAC6PGK1BCKJ3OA.pcm /Users/x/code/bzgram/DerivedData/ModuleCache.noindex/os_workgroup-69Y7VV6B4DAUHXOHFKF1N1OH4.pcm /Users/x/code/bzgram/DerivedData/ModuleCache.noindex/UIUtilities-8W4XRN0YZLQZBNNXZDQL28DHV.pcm /Users/x/code/bzgram/DerivedData/ModuleCache.noindex/CoreAudioTypes-12W1R49TLMVQ8WAQLRFMEYGQ.pcm /Users/x/code/bzgram/DerivedData/ModuleCache.noindex/CoreText-F3F60KOA1F5RZ61W2RXU2JTP9.pcm /Users/x/code/bzgram/DerivedData/ModuleCache.noindex/_Builtin_float-DLOG29GYYSICHKRIYEP33TT2Q.pcm /Users/x/code/bzgram/DerivedData/ModuleCache.noindex/_Builtin_tgmath-2XB47BYFUDPTFT8XAU8FYPLRL.pcm /Users/x/code/bzgram/DerivedData/ModuleCache.noindex/PhotosUI-CSU9Z2ZN9MMS9LJIJVZUVZIVA.pcm /Users/x/code/bzgram/DerivedData/ModuleCache.noindex/dnssd-5UZZP71HGTCI2HS1GO76Y4XEY.pcm /Users/x/code/bzgram/DerivedData/ModuleCache.noindex/sys_types-E9PNBRF03Y61132C72KB5FH7V.pcm /Users/x/code/bzgram/DerivedData/ModuleCache.noindex/IOSurface-BUPCS7800G4WBT33AZCJ6JM69.pcm /Users/x/code/bzgram/DerivedData/ModuleCache.noindex/_DarwinFoundation2-72S6GS1G22TWQIF9K3ZWITDDR.pcm /Users/x/code/bzgram/DerivedData/ModuleCache.noindex/Darwin-BP1TWQI3RA0Q1ONAV3A7TNLI4.pcm /Users/x/code/bzgram/DerivedData/ModuleCache.noindex/ObjectiveC-5LDWL5BCETZWGHQBD4EW00I5D.pcm /Users/x/code/bzgram/DerivedData/ModuleCache.noindex/_Builtin_stdint-8FNQIX8POCDBWGLI837QBA4IK.pcm /Users/x/code/bzgram/DerivedData/Build/Intermediates.noindex/SwiftExplicitPrecompiledModules/TDLibFramework-2HTOEOM4MYMTTV23VGO1Z2AEV.pcm /Users/x/code/bzgram/DerivedData/ModuleCache.noindex/AVRouting-AD6R35991U9YDGX75RMOWGNK8.pcm /Users/x/code/bzgram/DerivedData/ModuleCache.noindex/_SwiftConcurrencyShims-1K5KGL6ZRC1T342VJX3G48D4B.pcm /Users/x/code/bzgram/DerivedData/ModuleCache.noindex/Network-BC9SWWXQMKZMAPO96REER63F8.pcm /Users/x/code/bzgram/DerivedData/ModuleCache.noindex/UserNotifications-64IDFH5B50OZZVU8X1ZEU71X9.pcm /Users/x/code/bzgram/DerivedData/ModuleCache.noindex/ptrauth-6I7LH3GGVYXJYKMEVYQ6NHYJY.pcm /Users/x/code/bzgram/DerivedData/ModuleCache.noindex/CoreFoundation-1DC2FAN4AZF7JB40WS7LTHANK.pcm /Users/x/code/bzgram/DerivedData/ModuleCache.noindex/_Builtin_limits-5SFA1KFMRSVZXGVYE0TEKVBZK.pcm /Users/x/code/bzgram/DerivedData/ModuleCache.noindex/_Builtin_stdarg-607TSFOSL2QV905EW5Z2056SL.pcm /Users/x/code/bzgram/DerivedData/ModuleCache.noindex/UIKit-4JM5S0GUH7DTRTOM6B6ZPO2LL.pcm /Users/x/code/bzgram/DerivedData/ModuleCache.noindex/UniformTypeIdentifiers-AQ8UFX16CXYTIZ7XJEQIZQHGG.pcm /Users/x/code/bzgram/DerivedData/ModuleCache.noindex/XPC-9NBFCO9SSE6PE94ASTWBJ72LD.pcm /Users/x/code/bzgram/DerivedData/ModuleCache.noindex/MachO-39RAA318JXAFSZW6V8TPFZSVQ.pcm /Users/x/code/bzgram/DerivedData/ModuleCache.noindex/SwiftUICore-AD9DJBZ3PXCQERR63O4K23MIO.pcm /Users/x/code/bzgram/DerivedData/ModuleCache.noindex/DeveloperToolsSupport-3DB3X0QAZQDGJAATU4D6DU2ZP.pcm /Users/x/code/bzgram/DerivedData/ModuleCache.noindex/Security-EJUVZ0LEJ1WS6FRR1Z60LTTI7.pcm /Users/x/code/bzgram/DerivedData/ModuleCache.noindex/_LocationEssentials-1IN7FSVSHZU1SNV4J0WJHW4W6.pcm /Users/x/code/bzgram/DerivedData/ModuleCache.noindex/OpenGLES-57F35LU82U8GN2VDSM7VQNRMA.pcm /Users/x/code/bzgram/DerivedData/ModuleCache.noindex/ExtensionFoundation-6L3LCHI8VC0U93QS57ZLD06PZ.pcm /Users/x/code/bzgram/DerivedData/ModuleCache.noindex/_DarwinFoundation3-6JTC5UR5X2GGOMSIHAAMCU3A6.pcm /Users/x/code/bzgram/DerivedData/ModuleCache.noindex/CoreMIDI-1YXUDYC2QK4GFY19VB1MYZQJ5.pcm /Users/x/code/bzgram/DerivedData/ModuleCache.noindex/QuartzCore-4PIXTHIHLNC1IAWIEZW0CNJGX.pcm /Users/x/code/bzgram/DerivedData/ModuleCache.noindex/AudioToolbox-2F38ZOFBF82H4W76ZWW3SJL11.pcm /Users/x/code/bzgram/DerivedData/ModuleCache.noindex/CoreVideo-392ORINNW06K99CVZOFK5AGW7.pcm /Users/x/code/bzgram/DerivedData/ModuleCache.noindex/AVFoundation-772OSW00NRW9PDLFRN4OZVO88.pcm /Users/x/code/bzgram/DerivedData/ModuleCache.noindex/ptrcheck-V6X2EWL8TAKCWVS64KT6DNAV.pcm /Users/x/code/bzgram/DerivedData/ModuleCache.noindex/_Builtin_intrinsics-C8KWAKN3WOVIIPHBDRRM9FQJA.pcm /Users/x/code/bzgram/DerivedData/ModuleCache.noindex/_Builtin_inttypes-24GT0RD9CVHKX1T10VOBNTXAM.pcm /Users/x/code/bzgram/DerivedData/ModuleCache.noindex/SwiftShims-2DHCCTSF43K5IBHOV8ISI0KDJ.pcm /Users/x/code/bzgram/DerivedData/ModuleCache.noindex/CoreTransferable-5DBQK3OSI5KJF79YHNCHLAJ6N.pcm /Users/x/code/bzgram/DerivedData/ModuleCache.noindex/CoreLocation-4A6CCS570H0PUB4I3NGLW8PHS.pcm /Users/x/code/bzgram/DerivedData/ModuleCache.noindex/_Builtin_stddef-310B2FPEL134AVTK09BY34UM0.pcm /Users/x/code/bzgram/DerivedData/ModuleCache.noindex/MediaToolbox-AKYYF4NGSKZD07WQYSN19098X.pcm /Users/x/code/bzgram/DerivedData/Build/Intermediates.noindex/BZGram.build/Release-iphoneos/BZGram.build/Objects-normal/arm64/BZGram-dependencies-1.json (in target 'BZGram' from project 'BZGram')
CompileSwift normal arm64 (in target 'BZGram' from project 'BZGram')
    cd /Users/x/code/bzgram
    
/Users/x/code/bzgram/BZGram/Sources/App/BZGramApp.swift:76:14: warning: 'onChange(of:perform:)' was deprecated in iOS 17.0: Use `onChange` with a two or zero parameter action closure instead.
            .onChange(of: scenePhase) { newPhase in
             ^
/Users/x/code/bzgram/BZGram/Sources/Views/Chats/ChatView.swift:119:14: warning: 'onChange(of:perform:)' was deprecated in iOS 17.0: Use `onChange` with a two or zero parameter action closure instead.
            .onChange(of: viewModel.messages.count) { _ in
             ^
/Users/x/code/bzgram/BZGram/Sources/Views/Chats/ChatView.swift:222:14: warning: 'onChange(of:perform:)' was deprecated in iOS 17.0: Use `onChange` with a two or zero parameter action closure instead.
            .onChange(of: selectedPhoto) { _ in
             ^

SwiftDriver\ Compilation BZGram normal arm64 com.apple.xcode.tools.swift.compiler (in target 'BZGram' from project 'BZGram')
    cd /Users/x/code/bzgram
    builtin-Swift-Compilation -- /Applications/Xcode.app/Contents/Developer/Toolchains/XcodeDefault.xctoolchain/usr/bin/swiftc -module-name BZGram -O -whole-module-optimization @/Users/x/code/bzgram/DerivedData/Build/Intermediates.noindex/BZGram.build/Release-iphoneos/BZGram.build/Objects-normal/arm64/BZGram.SwiftFileList -enable-bare-slash-regex -enable-experimental-feature DebugDescriptionMacro -sdk /Applications/Xcode.app/Contents/Developer/Platforms/iPhoneOS.platform/Developer/SDKs/iPhoneOS26.4.sdk -target arm64-apple-ios17.0 -g -module-cache-path /Users/x/code/bzgram/DerivedData/ModuleCache.noindex -Xfrontend -serialize-debugging-options -profile-coverage-mapping -profile-generate -swift-version 5 -I /Users/x/code/bzgram/DerivedData/Build/Products/Release-iphoneos -F /Users/x/code/bzgram/DerivedData/Build/Products/Release-iphoneos/PackageFrameworks -F /Users/x/code/bzgram/DerivedData/Build/Products/Release-iphoneos/PackageFrameworks -F /Users/x/code/bzgram/DerivedData/Build/Products/Release-iphoneos -c -num-threads 10 -Xcc -ivfsstatcache -Xcc /Users/x/code/bzgram/DerivedData/SDKStatCaches.noindex/iphoneos26.4-23E252-68a138bb55de9ba35ce6c8c40d12849e.sdkstatcache -output-file-map /Users/x/code/bzgram/DerivedData/Build/Intermediates.noindex/BZGram.build/Release-iphoneos/BZGram.build/Objects-normal/arm64/BZGram-OutputFileMap.json -use-frontend-parseable-output -save-temps -no-color-diagnostics -explicit-module-build -module-cache-path /Users/x/code/bzgram/DerivedData/Build/Intermediates.noindex/SwiftExplicitPrecompiledModules -clang-scanner-module-cache-path /Users/x/code/bzgram/DerivedData/ModuleCache.noindex -sdk-module-cache-path /Users/x/code/bzgram/DerivedData/ModuleCache.noindex -serialize-diagnostics -emit-dependencies -emit-module -emit-module-path /Users/x/code/bzgram/DerivedData/Build/Intermediates.noindex/BZGram.build/Release-iphoneos/BZGram.build/Objects-normal/arm64/BZGram.swiftmodule -validate-clang-modules-once -clang-build-session-file /Users/x/code/bzgram/DerivedData/ModuleCache.noindex/Session.modulevalidation -Xcc -I/Users/x/code/bzgram/DerivedData/Build/Intermediates.noindex/BZGram.build/Release-iphoneos/BZGram.build/swift-overrides.hmap -emit-const-values -Xfrontend -const-gather-protocols-file -Xfrontend /Users/x/code/bzgram/DerivedData/Build/Intermediates.noindex/BZGram.build/Release-iphoneos/BZGram.build/Objects-normal/arm64/BZGram_const_extract_protocols.json -Xcc -iquote -Xcc /Users/x/code/bzgram/DerivedData/Build/Intermediates.noindex/BZGram.build/Release-iphoneos/BZGram.build/BZGram-generated-files.hmap -Xcc -I/Users/x/code/bzgram/DerivedData/Build/Intermediates.noindex/BZGram.build/Release-iphoneos/BZGram.build/BZGram-own-target-headers.hmap -Xcc -I/Users/x/code/bzgram/DerivedData/Build/Intermediates.noindex/BZGram.build/Release-iphoneos/BZGram.build/BZGram-all-non-framework-target-headers.hmap -Xcc -ivfsoverlay -Xcc /Users/x/code/bzgram/DerivedData/Build/Intermediates.noindex/BZGram.build/Release-iphoneos/BZGram-7715fc49271323691570fb7d6b729605-VFS-iphoneos/all-product-headers.yaml -Xcc -iquote -Xcc /Users/x/code/bzgram/DerivedData/Build/Intermediates.noindex/BZGram.build/Release-iphoneos/BZGram.build/BZGram-project-headers.hmap -Xcc -I/Users/x/code/bzgram/DerivedData/Build/Products/Release-iphoneos/include -Xcc -I/Users/x/code/bzgram/DerivedData/Build/Intermediates.noindex/BZGram.build/Release-iphoneos/BZGram.build/DerivedSources-normal/arm64 -Xcc -I/Users/x/code/bzgram/DerivedData/Build/Intermediates.noindex/BZGram.build/Release-iphoneos/BZGram.build/DerivedSources/arm64 -Xcc -I/Users/x/code/bzgram/DerivedData/Build/Intermediates.noindex/BZGram.build/Release-iphoneos/BZGram.build/DerivedSources -emit-objc-header -emit-objc-header-path /Users/x/code/bzgram/DerivedData/Build/Intermediates.noindex/BZGram.build/Release-iphoneos/BZGram.build/Objects-normal/arm64/BZGram-Swift.h -working-directory /Users/x/code/bzgram -no-emit-module-separately-wmo

GenerateDSYMFile /Users/x/code/bzgram/DerivedData/Build/Products/Release-iphoneos/BZGramCore.framework.dSYM /Users/x/code/bzgram/DerivedData/Build/Products/Release-iphoneos/BZGramCore.framework/BZGramCore (in target 'BZGramCore' from project 'BZGram')
    cd /Users/x/code/bzgram
    /Applications/Xcode.app/Contents/Developer/Toolchains/XcodeDefault.xctoolchain/usr/bin/dsymutil /Users/x/code/bzgram/DerivedData/Build/Products/Release-iphoneos/BZGramCore.framework/BZGramCore -o /Users/x/code/bzgram/DerivedData/Build/Products/Release-iphoneos/BZGramCore.framework.dSYM

ExtractAppIntentsMetadata (in target 'BZGramCore' from project 'BZGram')
    cd /Users/x/code/bzgram
    /Applications/Xcode.app/Contents/Developer/Toolchains/XcodeDefault.xctoolchain/usr/bin/appintentsmetadataprocessor --toolchain-dir /Applications/Xcode.app/Contents/Developer/Toolchains/XcodeDefault.xctoolchain --module-name BZGramCore --sdk-root /Applications/Xcode.app/Contents/Developer/Platforms/iPhoneOS.platform/Developer/SDKs/iPhoneOS26.4.sdk --xcode-version 17E202 --platform-family iOS --deployment-target 17.0 --bundle-identifier com.pixian5.bzgram.core --output /Users/x/code/bzgram/DerivedData/Build/Products/Release-iphoneos/BZGramCore.framework --target-triple arm64-apple-ios17.0 --binary-file /Users/x/code/bzgram/DerivedData/Build/Products/Release-iphoneos/BZGramCore.framework/BZGramCore --dependency-file /Users/x/code/bzgram/DerivedData/Build/Intermediates.noindex/BZGram.build/Release-iphoneos/BZGramCore.build/Objects-normal/arm64/BZGramCore_dependency_info.dat --stringsdata-file /Users/x/code/bzgram/DerivedData/Build/Intermediates.noindex/BZGram.build/Release-iphoneos/BZGramCore.build/Objects-normal/arm64/ExtractedAppShortcutsMetadata.stringsdata --source-file-list /Users/x/code/bzgram/DerivedData/Build/Intermediates.noindex/BZGram.build/Release-iphoneos/BZGramCore.build/Objects-normal/arm64/BZGramCore.SwiftFileList --metadata-file-list /Users/x/code/bzgram/DerivedData/Build/Intermediates.noindex/BZGram.build/Release-iphoneos/BZGramCore.build/BZGramCore.DependencyMetadataFileList --static-metadata-file-list /Users/x/code/bzgram/DerivedData/Build/Intermediates.noindex/BZGram.build/Release-iphoneos/BZGramCore.build/BZGramCore.DependencyStaticMetadataFileList --swift-const-vals-list /Users/x/code/bzgram/DerivedData/Build/Intermediates.noindex/BZGram.build/Release-iphoneos/BZGramCore.build/Objects-normal/arm64/BZGramCore.SwiftConstValuesFileList --compile-time-extraction --deployment-aware-processing --validate-assistant-intents --no-app-shortcuts-localization
2026-05-06 18:19:45.567 appintentsmetadataprocessor[11615:26484595] Starting appintentsmetadataprocessor export
2026-05-06 18:19:45.573 appintentsmetadataprocessor[11615:26484595] warning: Metadata extraction skipped. No AppIntents.framework dependency found.

AppIntentsSSUTraining (in target 'BZGramCore' from project 'BZGram')
    cd /Users/x/code/bzgram
    /Applications/Xcode.app/Contents/Developer/Toolchains/XcodeDefault.xctoolchain/usr/bin/appintentsnltrainingprocessor --infoplist-path /Users/x/code/bzgram/DerivedData/Build/Products/Release-iphoneos/BZGramCore.framework/Info.plist --temp-dir-path /Users/x/code/bzgram/DerivedData/Build/Intermediates.noindex/BZGram.build/Release-iphoneos/BZGramCore.build/ssu --bundle-id com.pixian5.bzgram.core --product-path /Users/x/code/bzgram/DerivedData/Build/Products/Release-iphoneos/BZGramCore.framework --extracted-metadata-path /Users/x/code/bzgram/DerivedData/Build/Products/Release-iphoneos/BZGramCore.framework/Metadata.appintents --metadata-file-list /Users/x/code/bzgram/DerivedData/Build/Intermediates.noindex/BZGram.build/Release-iphoneos/BZGramCore.build/BZGramCore.DependencyMetadataFileList --source-file /Users/x/code/bzgram/DerivedData/Build/Products/Release-iphoneos/BZGramCore.framework/Info.plist --archive-ssu-assets
2026-05-06 18:19:45.599 appintentsnltrainingprocessor[11616:26484600] Parsing options for appintentsnltrainingprocessor
2026-05-06 18:19:45.600 appintentsnltrainingprocessor[11616:26484600] Starting AppIntents SSU YAML Generation
2026-05-06 18:19:45.602 appintentsnltrainingprocessor[11616:26484600] No AppShortcuts found - Skipping.

GenerateTAPI /Users/x/code/bzgram/DerivedData/Build/Intermediates.noindex/EagerLinkingTBDs/Release-iphoneos/BZGramCore.framework/BZGramCore.tbd (in target 'BZGramCore' from project 'BZGram')
    cd /Users/x/code/bzgram
    /Applications/Xcode.app/Contents/Developer/Toolchains/XcodeDefault.xctoolchain/usr/bin/tapi stubify -isysroot /Applications/Xcode.app/Contents/Developer/Platforms/iPhoneOS.platform/Developer/SDKs/iPhoneOS26.4.sdk -F/Users/x/code/bzgram/DerivedData/Build/Products/Release-iphoneos/PackageFrameworks -F/Users/x/code/bzgram/DerivedData/Build/Products/Release-iphoneos/PackageFrameworks -F/Users/x/code/bzgram/DerivedData/Build/Products/Release-iphoneos -L/Users/x/code/bzgram/DerivedData/Build/Products/Release-iphoneos /Users/x/code/bzgram/DerivedData/Build/Products/Release-iphoneos/BZGramCore.framework/BZGramCore -o /Users/x/code/bzgram/DerivedData/Build/Intermediates.noindex/EagerLinkingTBDs/Release-iphoneos/BZGramCore.framework/BZGramCore.tbd

SwiftDriverJobDiscovery normal arm64 Compiling AccountListView.swift, AddAccountView.swift, AppLockView.swift, AuthenticationView.swift, BZGramApp.swift, ChatListView.swift, ChatView.swift, ContactListView.swift, ConversationTranslationSettingsView.swift, GlobalSettingsView.swift, MainTabView.swift, RootView.swift (in target 'BZGram' from project 'BZGram')

SwiftDriver\ Compilation\ Requirements BZGram normal arm64 com.apple.xcode.tools.swift.compiler (in target 'BZGram' from project 'BZGram')
    cd /Users/x/code/bzgram
    builtin-Swift-Compilation-Requirements -- /Applications/Xcode.app/Contents/Developer/Toolchains/XcodeDefault.xctoolchain/usr/bin/swiftc -module-name BZGram -O -whole-module-optimization @/Users/x/code/bzgram/DerivedData/Build/Intermediates.noindex/BZGram.build/Release-iphoneos/BZGram.build/Objects-normal/arm64/BZGram.SwiftFileList -enable-bare-slash-regex -enable-experimental-feature DebugDescriptionMacro -sdk /Applications/Xcode.app/Contents/Developer/Platforms/iPhoneOS.platform/Developer/SDKs/iPhoneOS26.4.sdk -target arm64-apple-ios17.0 -g -module-cache-path /Users/x/code/bzgram/DerivedData/ModuleCache.noindex -Xfrontend -serialize-debugging-options -profile-coverage-mapping -profile-generate -swift-version 5 -I /Users/x/code/bzgram/DerivedData/Build/Products/Release-iphoneos -F /Users/x/code/bzgram/DerivedData/Build/Products/Release-iphoneos/PackageFrameworks -F /Users/x/code/bzgram/DerivedData/Build/Products/Release-iphoneos/PackageFrameworks -F /Users/x/code/bzgram/DerivedData/Build/Products/Release-iphoneos -c -num-threads 10 -Xcc -ivfsstatcache -Xcc /Users/x/code/bzgram/DerivedData/SDKStatCaches.noindex/iphoneos26.4-23E252-68a138bb55de9ba35ce6c8c40d12849e.sdkstatcache -output-file-map /Users/x/code/bzgram/DerivedData/Build/Intermediates.noindex/BZGram.build/Release-iphoneos/BZGram.build/Objects-normal/arm64/BZGram-OutputFileMap.json -use-frontend-parseable-output -save-temps -no-color-diagnostics -explicit-module-build -module-cache-path /Users/x/code/bzgram/DerivedData/Build/Intermediates.noindex/SwiftExplicitPrecompiledModules -clang-scanner-module-cache-path /Users/x/code/bzgram/DerivedData/ModuleCache.noindex -sdk-module-cache-path /Users/x/code/bzgram/DerivedData/ModuleCache.noindex -serialize-diagnostics -emit-dependencies -emit-module -emit-module-path /Users/x/code/bzgram/DerivedData/Build/Intermediates.noindex/BZGram.build/Release-iphoneos/BZGram.build/Objects-normal/arm64/BZGram.swiftmodule -validate-clang-modules-once -clang-build-session-file /Users/x/code/bzgram/DerivedData/ModuleCache.noindex/Session.modulevalidation -Xcc -I/Users/x/code/bzgram/DerivedData/Build/Intermediates.noindex/BZGram.build/Release-iphoneos/BZGram.build/swift-overrides.hmap -emit-const-values -Xfrontend -const-gather-protocols-file -Xfrontend /Users/x/code/bzgram/DerivedData/Build/Intermediates.noindex/BZGram.build/Release-iphoneos/BZGram.build/Objects-normal/arm64/BZGram_const_extract_protocols.json -Xcc -iquote -Xcc /Users/x/code/bzgram/DerivedData/Build/Intermediates.noindex/BZGram.build/Release-iphoneos/BZGram.build/BZGram-generated-files.hmap -Xcc -I/Users/x/code/bzgram/DerivedData/Build/Intermediates.noindex/BZGram.build/Release-iphoneos/BZGram.build/BZGram-own-target-headers.hmap -Xcc -I/Users/x/code/bzgram/DerivedData/Build/Intermediates.noindex/BZGram.build/Release-iphoneos/BZGram.build/BZGram-all-non-framework-target-headers.hmap -Xcc -ivfsoverlay -Xcc /Users/x/code/bzgram/DerivedData/Build/Intermediates.noindex/BZGram.build/Release-iphoneos/BZGram-7715fc49271323691570fb7d6b729605-VFS-iphoneos/all-product-headers.yaml -Xcc -iquote -Xcc /Users/x/code/bzgram/DerivedData/Build/Intermediates.noindex/BZGram.build/Release-iphoneos/BZGram.build/BZGram-project-headers.hmap -Xcc -I/Users/x/code/bzgram/DerivedData/Build/Products/Release-iphoneos/include -Xcc -I/Users/x/code/bzgram/DerivedData/Build/Intermediates.noindex/BZGram.build/Release-iphoneos/BZGram.build/DerivedSources-normal/arm64 -Xcc -I/Users/x/code/bzgram/DerivedData/Build/Intermediates.noindex/BZGram.build/Release-iphoneos/BZGram.build/DerivedSources/arm64 -Xcc -I/Users/x/code/bzgram/DerivedData/Build/Intermediates.noindex/BZGram.build/Release-iphoneos/BZGram.build/DerivedSources -emit-objc-header -emit-objc-header-path /Users/x/code/bzgram/DerivedData/Build/Intermediates.noindex/BZGram.build/Release-iphoneos/BZGram.build/Objects-normal/arm64/BZGram-Swift.h -working-directory /Users/x/code/bzgram -no-emit-module-separately-wmo

Copy /Users/x/code/bzgram/DerivedData/Build/Products/Release-iphoneos/BZGram.swiftmodule/arm64-apple-ios.swiftmodule /Users/x/code/bzgram/DerivedData/Build/Intermediates.noindex/BZGram.build/Release-iphoneos/BZGram.build/Objects-normal/arm64/BZGram.swiftmodule (in target 'BZGram' from project 'BZGram')
    cd /Users/x/code/bzgram
    builtin-copy -exclude .DS_Store -exclude CVS -exclude .svn -exclude .git -exclude .hg -resolve-src-symlinks -rename /Users/x/code/bzgram/DerivedData/Build/Intermediates.noindex/BZGram.build/Release-iphoneos/BZGram.build/Objects-normal/arm64/BZGram.swiftmodule /Users/x/code/bzgram/DerivedData/Build/Products/Release-iphoneos/BZGram.swiftmodule/arm64-apple-ios.swiftmodule

Copy /Users/x/code/bzgram/DerivedData/Build/Products/Release-iphoneos/BZGram.swiftmodule/arm64-apple-ios.swiftdoc /Users/x/code/bzgram/DerivedData/Build/Intermediates.noindex/BZGram.build/Release-iphoneos/BZGram.build/Objects-normal/arm64/BZGram.swiftdoc (in target 'BZGram' from project 'BZGram')
    cd /Users/x/code/bzgram
    builtin-copy -exclude .DS_Store -exclude CVS -exclude .svn -exclude .git -exclude .hg -resolve-src-symlinks -rename /Users/x/code/bzgram/DerivedData/Build/Intermediates.noindex/BZGram.build/Release-iphoneos/BZGram.build/Objects-normal/arm64/BZGram.swiftdoc /Users/x/code/bzgram/DerivedData/Build/Products/Release-iphoneos/BZGram.swiftmodule/arm64-apple-ios.swiftdoc

SwiftMergeGeneratedHeaders /Users/x/code/bzgram/DerivedData/Build/Intermediates.noindex/BZGram.build/Release-iphoneos/BZGram.build/DerivedSources/BZGram-Swift.h /Users/x/code/bzgram/DerivedData/Build/Intermediates.noindex/BZGram.build/Release-iphoneos/BZGram.build/Objects-normal/arm64/BZGram-Swift.h (in target 'BZGram' from project 'BZGram')
    cd /Users/x/code/bzgram
    builtin-swiftHeaderTool -arch arm64 /Users/x/code/bzgram/DerivedData/Build/Intermediates.noindex/BZGram.build/Release-iphoneos/BZGram.build/Objects-normal/arm64/BZGram-Swift.h -o /Users/x/code/bzgram/DerivedData/Build/Intermediates.noindex/BZGram.build/Release-iphoneos/BZGram.build/DerivedSources/BZGram-Swift.h

Copy /Users/x/code/bzgram/DerivedData/Build/Products/Release-iphoneos/BZGram.swiftmodule/arm64-apple-ios.abi.json /Users/x/code/bzgram/DerivedData/Build/Intermediates.noindex/BZGram.build/Release-iphoneos/BZGram.build/Objects-normal/arm64/BZGram.abi.json (in target 'BZGram' from project 'BZGram')
    cd /Users/x/code/bzgram
    builtin-copy -exclude .DS_Store -exclude CVS -exclude .svn -exclude .git -exclude .hg -resolve-src-symlinks -rename /Users/x/code/bzgram/DerivedData/Build/Intermediates.noindex/BZGram.build/Release-iphoneos/BZGram.build/Objects-normal/arm64/BZGram.abi.json /Users/x/code/bzgram/DerivedData/Build/Products/Release-iphoneos/BZGram.swiftmodule/arm64-apple-ios.abi.json

Copy /Users/x/code/bzgram/DerivedData/Build/Products/Release-iphoneos/BZGram.swiftmodule/Project/arm64-apple-ios.swiftsourceinfo /Users/x/code/bzgram/DerivedData/Build/Intermediates.noindex/BZGram.build/Release-iphoneos/BZGram.build/Objects-normal/arm64/BZGram.swiftsourceinfo (in target 'BZGram' from project 'BZGram')
    cd /Users/x/code/bzgram
    builtin-copy -exclude .DS_Store -exclude CVS -exclude .svn -exclude .git -exclude .hg -resolve-src-symlinks -rename /Users/x/code/bzgram/DerivedData/Build/Intermediates.noindex/BZGram.build/Release-iphoneos/BZGram.build/Objects-normal/arm64/BZGram.swiftsourceinfo /Users/x/code/bzgram/DerivedData/Build/Products/Release-iphoneos/BZGram.swiftmodule/Project/arm64-apple-ios.swiftsourceinfo

Ld /Users/x/code/bzgram/DerivedData/Build/Products/Release-iphoneos/BZGram.app/BZGram normal (in target 'BZGram' from project 'BZGram')
    cd /Users/x/code/bzgram
    /Applications/Xcode.app/Contents/Developer/Toolchains/XcodeDefault.xctoolchain/usr/bin/clang -Xlinker -reproducible -target arm64-apple-ios17.0 -isysroot /Applications/Xcode.app/Contents/Developer/Platforms/iPhoneOS.platform/Developer/SDKs/iPhoneOS26.4.sdk -Os -L/Users/x/code/bzgram/DerivedData/Build/Intermediates.noindex/EagerLinkingTBDs/Release-iphoneos -L/Users/x/code/bzgram/DerivedData/Build/Products/Release-iphoneos -F/Users/x/code/bzgram/DerivedData/Build/Intermediates.noindex/EagerLinkingTBDs/Release-iphoneos -F/Users/x/code/bzgram/DerivedData/Build/Products/Release-iphoneos/PackageFrameworks -F/Users/x/code/bzgram/DerivedData/Build/Products/Release-iphoneos/PackageFrameworks -F/Users/x/code/bzgram/DerivedData/Build/Products/Release-iphoneos -filelist /Users/x/code/bzgram/DerivedData/Build/Intermediates.noindex/BZGram.build/Release-iphoneos/BZGram.build/Objects-normal/arm64/BZGram.LinkFileList -Xlinker -rpath -Xlinker /usr/lib/swift -Xlinker -rpath -Xlinker @executable_path/Frameworks -Xlinker -dead_strip -Xlinker -object_path_lto -Xlinker /Users/x/code/bzgram/DerivedData/Build/Intermediates.noindex/BZGram.build/Release-iphoneos/BZGram.build/Objects-normal/arm64/BZGram_lto.o -Xlinker -debug_variant -Xlinker -dependency_info -Xlinker /Users/x/code/bzgram/DerivedData/Build/Intermediates.noindex/BZGram.build/Release-iphoneos/BZGram.build/Objects-normal/arm64/BZGram_dependency_info.dat -fobjc-link-runtime -fprofile-instr-generate -L/Applications/Xcode.app/Contents/Developer/Toolchains/XcodeDefault.xctoolchain/usr/lib/swift/iphoneos -L/usr/lib/swift -Xlinker -add_ast_path -Xlinker /Users/x/code/bzgram/DerivedData/Build/Intermediates.noindex/BZGram.build/Release-iphoneos/BZGram.build/Objects-normal/arm64/BZGram.swiftmodule @/Users/x/code/bzgram/DerivedData/Build/Intermediates.noindex/BZGram.build/Release-iphoneos/BZGram.build/Objects-normal/arm64/BZGram-linker-args.resp -Wl,-no_warn_duplicate_libraries -Wl,-no_warn_duplicate_libraries -lc++ -lz -framework BZGramCore -o /Users/x/code/bzgram/DerivedData/Build/Products/Release-iphoneos/BZGram.app/BZGram

Copy /Users/x/code/bzgram/DerivedData/Build/Products/Release-iphoneos/BZGram.app/Frameworks/BZGramCore.framework /Users/x/code/bzgram/DerivedData/Build/Products/Release-iphoneos/BZGramCore.framework (in target 'BZGram' from project 'BZGram')
    cd /Users/x/code/bzgram
    builtin-copy -exclude .DS_Store -exclude CVS -exclude .svn -exclude .git -exclude .hg -exclude Headers -exclude PrivateHeaders -exclude Modules -exclude \*.tbd -bitcode-strip all -bitcode-strip-tool /Applications/Xcode.app/Contents/Developer/Toolchains/XcodeDefault.xctoolchain/usr/bin/bitcode_strip -resolve-src-symlinks -remove-static-executable /Users/x/code/bzgram/DerivedData/Build/Products/Release-iphoneos/BZGramCore.framework /Users/x/code/bzgram/DerivedData/Build/Products/Release-iphoneos/BZGram.app/Frameworks
/Applications/Xcode.app/Contents/Developer/Toolchains/XcodeDefault.xctoolchain/usr/bin/bitcode_strip /Users/x/code/bzgram/DerivedData/Build/Products/Release-iphoneos/BZGramCore.framework/BZGramCore -r -o /Users/x/code/bzgram/DerivedData/Build/Products/Release-iphoneos/BZGram.app/Frameworks/BZGramCore.framework/BZGramCore
ProcessInfoPlistFile /Users/x/code/bzgram/DerivedData/Build/Products/Release-iphoneos/BZGram.app/Info.plist /Users/x/code/bzgram/DerivedData/Build/Intermediates.noindex/BZGram.build/Release-iphoneos/BZGram.build/empty-BZGram.plist (in target 'BZGram' from project 'BZGram')
    cd /Users/x/code/bzgram
    builtin-infoPlistUtility /Users/x/code/bzgram/DerivedData/Build/Intermediates.noindex/BZGram.build/Release-iphoneos/BZGram.build/empty-BZGram.plist -producttype com.apple.product-type.application -genpkginfo /Users/x/code/bzgram/DerivedData/Build/Products/Release-iphoneos/BZGram.app/PkgInfo -expandbuildsettings -format binary -platform iphoneos -scanforprivacyfile /Users/x/code/bzgram/DerivedData/Build/Products/Release-iphoneos/BZGram.app/Frameworks/BZGramCore.framework -requiredArchitecture arm64 -o /Users/x/code/bzgram/DerivedData/Build/Products/Release-iphoneos/BZGram.app/Info.plist

CopySwiftLibs /Users/x/code/bzgram/DerivedData/Build/Products/Release-iphoneos/BZGram.app (in target 'BZGram' from project 'BZGram')
    cd /Users/x/code/bzgram
    builtin-swiftStdLibTool --copy --verbose --scan-executable /Users/x/code/bzgram/DerivedData/Build/Products/Release-iphoneos/BZGram.app/BZGram --scan-folder /Users/x/code/bzgram/DerivedData/Build/Products/Release-iphoneos/BZGram.app/Frameworks --scan-folder /Users/x/code/bzgram/DerivedData/Build/Products/Release-iphoneos/BZGram.app/PlugIns --scan-folder /Users/x/code/bzgram/DerivedData/Build/Products/Release-iphoneos/BZGram.app/SystemExtensions --scan-folder /Users/x/code/bzgram/DerivedData/Build/Products/Release-iphoneos/BZGram.app/Extensions --scan-folder /Users/x/code/bzgram/DerivedData/Build/Products/Release-iphoneos/BZGramCore.framework --platform iphoneos --toolchain /Applications/Xcode.app/Contents/Developer/Toolchains/XcodeDefault.xctoolchain --destination /Users/x/code/bzgram/DerivedData/Build/Products/Release-iphoneos/BZGram.app/Frameworks --strip-bitcode --strip-bitcode-tool /Applications/Xcode.app/Contents/Developer/Toolchains/XcodeDefault.xctoolchain/usr/bin/bitcode_strip --emit-dependency-info /Users/x/code/bzgram/DerivedData/Build/Intermediates.noindex/BZGram.build/Release-iphoneos/BZGram.build/SwiftStdLibToolInputDependencies.dep --filter-for-swift-os --back-deploy-swift-span
Ignoring --strip-bitcode because --sign was not passed

ExtractAppIntentsMetadata (in target 'BZGram' from project 'BZGram')
    cd /Users/x/code/bzgram
    /Applications/Xcode.app/Contents/Developer/Toolchains/XcodeDefault.xctoolchain/usr/bin/appintentsmetadataprocessor --toolchain-dir /Applications/Xcode.app/Contents/Developer/Toolchains/XcodeDefault.xctoolchain --module-name BZGram --sdk-root /Applications/Xcode.app/Contents/Developer/Platforms/iPhoneOS.platform/Developer/SDKs/iPhoneOS26.4.sdk --xcode-version 17E202 --platform-family iOS --deployment-target 17.0 --bundle-identifier com.pixian5.bzgram --output /Users/x/code/bzgram/DerivedData/Build/Products/Release-iphoneos/BZGram.app --target-triple arm64-apple-ios17.0 --binary-file /Users/x/code/bzgram/DerivedData/Build/Products/Release-iphoneos/BZGram.app/BZGram --dependency-file /Users/x/code/bzgram/DerivedData/Build/Intermediates.noindex/BZGram.build/Release-iphoneos/BZGram.build/Objects-normal/arm64/BZGram_dependency_info.dat --stringsdata-file /Users/x/code/bzgram/DerivedData/Build/Intermediates.noindex/BZGram.build/Release-iphoneos/BZGram.build/Objects-normal/arm64/ExtractedAppShortcutsMetadata.stringsdata --source-file-list /Users/x/code/bzgram/DerivedData/Build/Intermediates.noindex/BZGram.build/Release-iphoneos/BZGram.build/Objects-normal/arm64/BZGram.SwiftFileList --metadata-file-list /Users/x/code/bzgram/DerivedData/Build/Intermediates.noindex/BZGram.build/Release-iphoneos/BZGram.build/BZGram.DependencyMetadataFileList --static-metadata-file-list /Users/x/code/bzgram/DerivedData/Build/Intermediates.noindex/BZGram.build/Release-iphoneos/BZGram.build/BZGram.DependencyStaticMetadataFileList --swift-const-vals-list /Users/x/code/bzgram/DerivedData/Build/Intermediates.noindex/BZGram.build/Release-iphoneos/BZGram.build/Objects-normal/arm64/BZGram.SwiftConstValuesFileList --compile-time-extraction --deployment-aware-processing --validate-assistant-intents --no-app-shortcuts-localization
2026-05-06 18:19:51.779 appintentsmetadataprocessor[11762:26485091] Starting appintentsmetadataprocessor export
2026-05-06 18:19:51.787 appintentsmetadataprocessor[11762:26485091] warning: Metadata extraction skipped. No AppIntents.framework dependency found.

GenerateDSYMFile /Users/x/code/bzgram/DerivedData/Build/Products/Release-iphoneos/BZGram.app.dSYM /Users/x/code/bzgram/DerivedData/Build/Products/Release-iphoneos/BZGram.app/BZGram (in target 'BZGram' from project 'BZGram')
    cd /Users/x/code/bzgram
    /Applications/Xcode.app/Contents/Developer/Toolchains/XcodeDefault.xctoolchain/usr/bin/dsymutil /Users/x/code/bzgram/DerivedData/Build/Products/Release-iphoneos/BZGram.app/BZGram -o /Users/x/code/bzgram/DerivedData/Build/Products/Release-iphoneos/BZGram.app.dSYM

AppIntentsSSUTraining (in target 'BZGram' from project 'BZGram')
    cd /Users/x/code/bzgram
    /Applications/Xcode.app/Contents/Developer/Toolchains/XcodeDefault.xctoolchain/usr/bin/appintentsnltrainingprocessor --infoplist-path /Users/x/code/bzgram/DerivedData/Build/Products/Release-iphoneos/BZGram.app/Info.plist --temp-dir-path /Users/x/code/bzgram/DerivedData/Build/Intermediates.noindex/BZGram.build/Release-iphoneos/BZGram.build/ssu --bundle-id com.pixian5.bzgram --product-path /Users/x/code/bzgram/DerivedData/Build/Products/Release-iphoneos/BZGram.app --extracted-metadata-path /Users/x/code/bzgram/DerivedData/Build/Products/Release-iphoneos/BZGram.app/Metadata.appintents --metadata-file-list /Users/x/code/bzgram/DerivedData/Build/Intermediates.noindex/BZGram.build/Release-iphoneos/BZGram.build/BZGram.DependencyMetadataFileList --source-file /Users/x/code/bzgram/DerivedData/Build/Products/Release-iphoneos/BZGram.app/Info.plist --archive-ssu-assets
2026-05-06 18:19:51.820 appintentsnltrainingprocessor[11770:26485112] Parsing options for appintentsnltrainingprocessor
2026-05-06 18:19:51.822 appintentsnltrainingprocessor[11770:26485112] Starting AppIntents SSU YAML Generation
2026-05-06 18:19:51.824 appintentsnltrainingprocessor[11770:26485112] No AppShortcuts found - Skipping.

RegisterExecutionPolicyException /Users/x/code/bzgram/DerivedData/Build/Products/Release-iphoneos/BZGram.app (in target 'BZGram' from project 'BZGram')
    cd /Users/x/code/bzgram
    builtin-RegisterExecutionPolicyException /Users/x/code/bzgram/DerivedData/Build/Products/Release-iphoneos/BZGram.app

Validate /Users/x/code/bzgram/DerivedData/Build/Products/Release-iphoneos/BZGram.app (in target 'BZGram' from project 'BZGram')
    cd /Users/x/code/bzgram
    builtin-validationUtility /Users/x/code/bzgram/DerivedData/Build/Products/Release-iphoneos/BZGram.app -shallow-bundle -infoplist-subpath Info.plist

Touch /Users/x/code/bzgram/DerivedData/Build/Products/Release-iphoneos/BZGram.app (in target 'BZGram' from project 'BZGram')
    cd /Users/x/code/bzgram
    /usr/bin/touch -c /Users/x/code/bzgram/DerivedData/Build/Products/Release-iphoneos/BZGram.app

** BUILD SUCCEEDED **

